Minimalni velikost:
Dlazdicky:
Velikost: 216.0 x 360.0
