Minimalni velikost:
Dlazdicky:
Velikost: 23700.5 x 149618.0
