Minimalni velikost:
Dlazdicky:
Reseni neexistuje.
