Minimalni velikost:
Dlazdicky:
Velikost: 28768.2 x 1016800.2
